{
  "preflight_complete": true,
  "elapsed_since_campaign_start": 158.47743439674377,
  "selected": {
    "policy": {
      "flow_direct_blocks": [
        0,
        1,
        2,
        3,
        4,
        5,
        6,
        7,
        8,
        9,
        10,
        11,
        12,
        13,
        14,
        15,
        16,
        17,
        18,
        19,
        20,
        21,
        22,
        23,
        24,
        25,
        26,
        27,
        28,
        29,
        30,
        31,
        32,
        33,
        34,
        35
      ],
      "condition_direct_blocks": [
        0,
        1,
        2,
        3,
        4,
        5,
        6,
        7
      ]
    },
    "status": "passed",
    "five_mesh_forward_backward_seconds": 5.006362613290548,
    "equivalence": "bitwise",
    "gradient_max_abs": 0.0,
    "gradient_norm_preclip": 0.29628467559814453,
    "largest_forward_backward_seconds": 2.0008596116676927,
    "peak_allocated_bytes": 65067850752,
    "peak_reserved_bytes": 73060581376
  }
}
Starting c1_train
Starting c1_eval500
Starting c1_eval904
Starting c2_train
Starting c2_eval500
