{
  "complete": true,
  "expected_meshes": 50,
  "evaluated_uids": [
    "nexus_2k_001150",
    "nexus_2k_001045",
    "nexus_2k_000084",
    "nexus_2k_001692",
    "nexus_2k_001843",
    "nexus_2k_000346",
    "nexus_2k_001780",
    "nexus_2k_000796",
    "nexus_2k_001085",
    "nexus_2k_000020",
    "nexus_2k_000447",
    "nexus_2k_001179",
    "nexus_2k_000118",
    "nexus_2k_000074",
    "nexus_2k_000519",
    "nexus_2k_001087",
    "nexus_2k_000053",
    "nexus_2k_000675",
    "nexus_2k_001716",
    "nexus_2k_000242",
    "nexus_2k_000823",
    "nexus_2k_001536",
    "nexus_2k_000840",
    "nexus_2k_001577",
    "nexus_2k_001216",
    "nexus_2k_001331",
    "nexus_2k_000142",
    "nexus_2k_001550",
    "nexus_2k_000872",
    "nexus_2k_000952",
    "nexus_2k_001825",
    "nexus_2k_001483",
    "nexus_2k_001439",
    "nexus_2k_001178",
    "nexus_2k_001317",
    "nexus_2k_000869",
    "nexus_2k_001415",
    "nexus_2k_000283",
    "nexus_2k_000935",
    "nexus_2k_000815",
    "nexus_2k_000800",
    "nexus_2k_001211",
    "nexus_2k_001093",
    "nexus_2k_000783",
    "nexus_2k_000083",
    "nexus_2k_001792",
    "nexus_2k_000280",
    "nexus_2k_000167",
    "nexus_2k_001232",
    "nexus_2k_000898"
  ],
  "identity": {
    "flow_sha256": "20b297ed40643b6bc82a4ce535252e578397c2eb1e76e09a90c2624980678d52",
    "vae_sha256": "e89b8078b7abb0ca7b0c2c44f9f20382ec5b742f2aee948f209d642852714d15",
    "cache_sha256": "f14f796c421cab6b9d5206047f927ea7c3490ff3c2435b2ebd38904a749c27e3",
    "uids": [
      "nexus_2k_001150",
      "nexus_2k_001045",
      "nexus_2k_000084",
      "nexus_2k_001692",
      "nexus_2k_001843",
      "nexus_2k_000346",
      "nexus_2k_001780",
      "nexus_2k_000796",
      "nexus_2k_001085",
      "nexus_2k_000020",
      "nexus_2k_000447",
      "nexus_2k_001179",
      "nexus_2k_000118",
      "nexus_2k_000074",
      "nexus_2k_000519",
      "nexus_2k_001087",
      "nexus_2k_000053",
      "nexus_2k_000675",
      "nexus_2k_001716",
      "nexus_2k_000242",
      "nexus_2k_000823",
      "nexus_2k_001536",
      "nexus_2k_000840",
      "nexus_2k_001577",
      "nexus_2k_001216",
      "nexus_2k_001331",
      "nexus_2k_000142",
      "nexus_2k_001550",
      "nexus_2k_000872",
      "nexus_2k_000952",
      "nexus_2k_001825",
      "nexus_2k_001483",
      "nexus_2k_001439",
      "nexus_2k_001178",
      "nexus_2k_001317",
      "nexus_2k_000869",
      "nexus_2k_001415",
      "nexus_2k_000283",
      "nexus_2k_000935",
      "nexus_2k_000815",
      "nexus_2k_000800",
      "nexus_2k_001211",
      "nexus_2k_001093",
      "nexus_2k_000783",
      "nexus_2k_000083",
      "nexus_2k_001792",
      "nexus_2k_000280",
      "nexus_2k_000167",
      "nexus_2k_001232",
      "nexus_2k_000898"
    ],
    "seed": 0,
    "euler_steps": 50,
    "completed_updates": 1000,
    "vae_baseline_summary_sha256": "da96916eea65dfdef499f07f36fa49c1de8c4f0f10469ab57acbfa876dbae462",
    "noise_recipe": "CPU torch.Generator; sha256(topology-eval/seed/uid) first 8 bytes little-endian; float32 Normal(0,1) [1,N,512]",
    "sampling": "local explicit Euler from independent Gaussian t=0 to t=1; no Encoder or GT topology input",
    "vertices": "original_GT_coordinates; not Vertex-generated",
    "threshold": "logit>0",
    "evaluation_code_sha256": {
      "evaluate_flow.py": "9c1e834d13308ccc2bfdf57082125641f9f4c75b77ab901a249fb310a6096364",
      "evaluate_vae.py": "2a2499b903366f1dc4c3c90f74677ce6c9a7482b1379ea754a42cfc6ca185d52",
      "sampling.py": "f56a25974f975be41a3e62bf400b05609cc60e48b5a9f37983cd1930cc7ff243",
      "vae_codec.py": "b98dbf2d2a54422df31ad5b9bca8d364d3d9c611481baeb3d12b71b65cec7a10",
      "latent_data.py": "57f582a3d1407f570169e2f5ce7b24e912942d9fd0be18a4d64af0d330faab8c",
      "_faces_reference.py": "2fe8da1cc00aac733b8b0536a8169c0ee0c15b5ac000ff9265322af524fe3942",
      "_fixed100_reference.py": "3e52edf63e0332bd3bf777826d5eb9e384f781b55ef87d67640a5b7ea06718e6",
      "_vae_reference.py": "ad754ba4c83213ea6b69b2c6f496095924c6a4c2bfbd9c7c0300372ecb4fa1f3",
      "_vertex_reference.py": "76d43e0460af34c908a7fd049cb0586fda3ca7ae848854ebfb4fc27460d95611",
      "topology_flow.py": "85b77fffe8ebd07cd26d1c4b6d442c811027b02d930485bfd2be6f75a34e65be"
    }
  },
  "seconds_this_invocation": 792.1457813810557,
  "gpu_budget": {
    "authorized_gpu_uuid": "GPU-4db14efb-13b4-ec8b-bcba-670816c5837f",
    "max_gpu_seconds": 43200,
    "charged_gpu_seconds": 34668.37173865177,
    "max_optimizer_updates": 1000,
    "effective_optimizer_updates": 1000,
    "last_completed_updates": 1000
  },
  "metrics_sha256": {
    "nexus_2k_001150": "fce6954c39a0763324c206a23c1d5dbad22b0799947d7045c81d13a75cbfe714",
    "nexus_2k_001045": "e25f428508eb241480955714953f2cacc1100a52bb735e76394aef091271e704",
    "nexus_2k_000084": "f1b7d12e972b99b1dcd0527c5cbb5268c89e7422a7e21c23b501ebb291390682",
    "nexus_2k_001692": "9c942d1d40cb04592618e5839a10adb85b69489f965be532506539c8701b456c",
    "nexus_2k_001843": "0efe92fa5b2625c1663e20098b2fdd731c99b0216870afb9daa607adbe7ca0b3",
    "nexus_2k_000346": "85a10fec4ea2de6776d35ae363e7d6a7c441864028c6df12c04887a49839915e",
    "nexus_2k_001780": "7a29ab0856be14bf2f21cd42c865e68d8e61bc1f8cc35e1a8af9eeef56f70373",
    "nexus_2k_000796": "ca15e52dee82cb45b5ba7c5567f9884f1c7ad4d3bbe0dce85733d9417998ee09",
    "nexus_2k_001085": "25b239f06c131a3c51f9225fe3fb4ee8f9d1ecc8933427b6342517d081ef617f",
    "nexus_2k_000020": "6760711055e02a8a5d8ce92262f1f59625fc1d357b0c1625447edfd83eaf3963",
    "nexus_2k_000447": "8a86def268d6cfb2918de395f6b77f4e8377b3dade9db412a33815e4cf2fefcb",
    "nexus_2k_001179": "6aba37f46f8b53bfe017274a83d737f25019cf55d3cece85c653797dca7a24ef",
    "nexus_2k_000118": "8cca44bdf8ef21dbf7dc1e9a5f8a0a09ef110a7295df7627b975307a70d4ed5d",
    "nexus_2k_000074": "cd55b4f660850fe0f84d98ca2b7a88f5dc51451364ec6034b7614bc4f42b0761",
    "nexus_2k_000519": "ffecdceacedb536ea5518d34f4067c098f204fbd73866152370c4c3fe1719220",
    "nexus_2k_001087": "315913eb904c40eac448c78b91d6bca267ff4a4332b500af0b506d3647e5b2e6",
    "nexus_2k_000053": "08b23a8ae6578a48f95037e318d259f91f2bdadf13f80c14d1a639861fc7af0e",
    "nexus_2k_000675": "d09eaf7f2d02f9af6d842ec76d7bce756d16d1083363b34c419bf4fa9f677ebc",
    "nexus_2k_001716": "bf5f9508fa2e767535b181e27f594abb29b65099315c09a563c03ee58960a08f",
    "nexus_2k_000242": "1a4f634ca1e85bd50b2c075288522e8f8d9bfce8753237253b3b1115c08f8575",
    "nexus_2k_000823": "5859c401ac479daf1d13be025c72debeed7447e0b5f84e73426d17972e6d92bf",
    "nexus_2k_001536": "823b2b19a0f24816d5a1f1910df5b427c6e7591d2578f1cce0e904dc8b14d413",
    "nexus_2k_000840": "41163cf1a8ebdd04d22e38999e1949f7b8c1ca281aa9ed0449accf2addced1c4",
    "nexus_2k_001577": "b99129b426143190aa0c1203b889d32a5baa0a34aef7fd37c736559dfeabdc45",
    "nexus_2k_001216": "e4480f702a8e331c154df5b85dc80035cdf3c8428e1b8730906aeb27d369f3d4",
    "nexus_2k_001331": "62c97a477c15dd41fc9d7be4b2a5b8b4aa58602f7837a39273d8ea77a40e80bf",
    "nexus_2k_000142": "e28c7ce5f5071dbef1ae17e19de6130a9601ceecbd9440029162e60c45c40714",
    "nexus_2k_001550": "ec9cd7481e49e8e840c13ba6d74486d24c9a0499047df8dc40cc4af8dbc7335a",
    "nexus_2k_000872": "8c03da7311608acbb346e4a1ef8cbbf5efe5c261436c53264d4cb09b564a458d",
    "nexus_2k_000952": "3fa4b6ff114389c452b57d8eb30cc59ebd0b88d0f6d3743e4330c7b3d224bb4e",
    "nexus_2k_001825": "fa40e305f13679a7525444eb43b0bbac57de53c6b6cba41652e3a4c94e7b94b8",
    "nexus_2k_001483": "75ac13b7f4ab5a1aac94c72c56fca93d93a0630c582e3d7f5db3632bbf2e0911",
    "nexus_2k_001439": "7b75a5e168c357ca7370e2a9a4e9cf197e4d4399278722f4c9eab55a7bdf2b88",
    "nexus_2k_001178": "e8fe2b9de06847d8a9195a00d4df1c47ff9ff85605610eb24ddaace3cddb7973",
    "nexus_2k_001317": "6e1116d5dda32a8cbfe82671994f0cf7ae58791750ed9fc6b95db12ce8541ca8",
    "nexus_2k_000869": "ada5049a896a966d85733d3f4b8fad06f527871a1b80aca233f5fe5a4ac7d800",
    "nexus_2k_001415": "d6a26091f88cfeeb15a256c7a7d11cab63f3967dfdeac4ac5b6aea4454bc376d",
    "nexus_2k_000283": "9e73e38e98dfe0bbd45ad9f46ec588f2d4e7f429ef21e74ea9ab49c5add9364f",
    "nexus_2k_000935": "1c6e45084c057cfb1d9de035dc25e5ec8a8de9b2ed6a88cf4580aacb34e399c6",
    "nexus_2k_000815": "c7ee8b9340642a9855e1e85e971f7b99385f806afc76e54cc422cf63225aceaf",
    "nexus_2k_000800": "19a0bcd3faa1efcbd5367146bfe6e31e5114bbe023a098646ad582c400eb610b",
    "nexus_2k_001211": "8610c424d756ee3b7dc8e8d7d0a769eaa12299ddd52e38079e722cbb50591261",
    "nexus_2k_001093": "b8002552e44bbe9238fce4f30a81de72318155492c852a229f4a1afa772c5e1b",
    "nexus_2k_000783": "d5619da30fb253413abaeaefce8c6f7f190cf72696701adbfde4d1f7918c9a2f",
    "nexus_2k_000083": "df2ee9add3e6c9afdd921e97e3a73de979687bdd871ee78d558f388bb65adfce",
    "nexus_2k_001792": "d56e7efbf759050869f1b7377382ebaad9782b518bae603f6d1182cee9214b2d",
    "nexus_2k_000280": "b95a89abcc9287b7e0899281c4e8665a76626384461bf10d783d8856ed6022fc",
    "nexus_2k_000167": "022d6be23046cd4bcf87d91844cd088ee7e13f8383abf37ab41cdc5acc247e4c",
    "nexus_2k_001232": "2d172b2dcfec677a8c0da393b3ed503b03df6fcc5c70345d3836fadfb54b1fab",
    "nexus_2k_000898": "62243f437a2d3be369efbaa594c1d62df24c0ae6b6ee5e72845017c2798d4fef"
  },
  "visualization_complete": true,
  "visualized_uids": [
    "nexus_2k_001150",
    "nexus_2k_001045",
    "nexus_2k_000084",
    "nexus_2k_001692",
    "nexus_2k_001843",
    "nexus_2k_000346",
    "nexus_2k_001780",
    "nexus_2k_000796",
    "nexus_2k_001085",
    "nexus_2k_000020",
    "nexus_2k_000447",
    "nexus_2k_001179",
    "nexus_2k_000118",
    "nexus_2k_000074",
    "nexus_2k_000519",
    "nexus_2k_001087",
    "nexus_2k_000053",
    "nexus_2k_000675",
    "nexus_2k_001716",
    "nexus_2k_000242",
    "nexus_2k_000823",
    "nexus_2k_001536",
    "nexus_2k_000840",
    "nexus_2k_001577",
    "nexus_2k_001216",
    "nexus_2k_001331",
    "nexus_2k_000142",
    "nexus_2k_001550",
    "nexus_2k_000872",
    "nexus_2k_000952",
    "nexus_2k_001825",
    "nexus_2k_001483",
    "nexus_2k_001439",
    "nexus_2k_001178",
    "nexus_2k_001317",
    "nexus_2k_000869",
    "nexus_2k_001415",
    "nexus_2k_000283",
    "nexus_2k_000935",
    "nexus_2k_000815",
    "nexus_2k_000800",
    "nexus_2k_001211",
    "nexus_2k_001093",
    "nexus_2k_000783",
    "nexus_2k_000083",
    "nexus_2k_001792",
    "nexus_2k_000280",
    "nexus_2k_000167",
    "nexus_2k_001232",
    "nexus_2k_000898"
  ],
  "metrics": {
    "edge": {
      "tp": 24340,
      "fp": 316372,
      "fn": 130638,
      "tn": 41395371,
      "micro_f1": 0.09820654037805887
    },
    "edge_perfect_uids": [],
    "face": {
      "tp": 1422,
      "fp": 640620,
      "fn": 101468,
      "tn": 81718,
      "micro_f1": 0.0038177981345948356
    },
    "face_perfect_uids": [],
    "perfect_uids": [],
    "joint_perfect": 0,
    "face_fn_missing": 101354,
    "face_fn_present": 114,
    "edge_strict_count": 0,
    "joint_strict_count": 0,
    "strict50_under_this_noise": false
  },
  "difference_from_vae": {
    "mu": {
      "edge": {
        "tp": -130633,
        "fp": 316247,
        "fn": 130633,
        "micro_f1": -0.9013742075676061
      },
      "face": {
        "tp": -101456,
        "fp": 639750,
        "fn": 101456,
        "micro_f1": -0.9919138678706898
      },
      "edge_strict_count": -21,
      "joint_strict_count": -15
    },
    "posterior_seed0": {
      "edge": {
        "tp": -130632,
        "fp": 316249,
        "fn": 130632,
        "micro_f1": -0.9013774285582884
      },
      "face": {
        "tp": -101454,
        "fp": 639751,
        "fn": 101454,
        "micro_f1": -0.9919089664503012
      },
      "edge_strict_count": -21,
      "joint_strict_count": -15
    },
    "posterior_seed1": {
      "edge": {
        "tp": -130634,
        "fp": 316244,
        "fn": 130634,
        "micro_f1": -0.9013677630275139
      },
      "face": {
        "tp": -101458,
        "fp": 639746,
        "fn": 101458,
        "micro_f1": -0.9919043133227908
      },
      "edge_strict_count": -19,
      "joint_strict_count": -14
    }
  }
}
